                                                                                
                                                                                
                                                                                
                                                                                
                                                                                
[90m╭──────────────────────────────────────────────────────────────────────────────╮[m
[90m│[m [1mlodo[m                          caddy [32m●[m   dnsmasq [32m●[m   loopback [32m●[m   resolvers [32m●[m [90m│[m
[90m│[m[90m──────────────────────────────────────────────────────────────────────────────[m[90m│[m
[90m│[m [1;90mname           [m  [1;90maddress        [m  [1;90mport [m  [1;90mhttps[m  [1;90mcompose [m  [1;90mown[m  [1;90mcheck        [m [90m│[m
[90m│[m[1;38;5;212m ● crm.test       127.0.1.1                                own  dns ✓         [m[90m│[m
[90m│[m   ● dashboard.…  127.0.1.1        3000                    own  dns ✗  http ✗ [90m│[m
[90m│[m ● flowy.test     127.0.1.3                                own  dns ✓         [90m│[m
[90m│[m ○ old.test       127.0.0.1                                     –             [90m│[m
[90m│[m [90m  Add new doma…[m                                                              [90m│[m
[90m│[m                                                                              [90m│[m
[90m│[m[90m a sub  e edit  d del  space on/off  l link  p preview[m                        [90m│[m
[90m│[m[90m s https  i scan  g log  r apply  tab top  q quit[m                             [90m│[m
[90m╰──────────────────────────────────────────────────────────────────────────────╯[m
                                                                                
                                                                                
                                                                                
                                                                                
                                                                                
                                                                                