                                                                                
                                                                                
                                                                                
                                                                                
[90m╭──────────────────────────────────────────────────────────────────────────────╮[m
[90m│[m [1moo[m   dnsmasq [32m●[m   loopback [32m●[m   resolvers [32m●[m   caddy [32m●[m                          [90m│[m
[90m│[m[90m──────────────────────────────────────────────────────────────────────────────[m[90m│[m
[90m│[m                                                                              [90m│[m
[90m│[m [1mAdd a name[m                                                                   [90m│[m
[90m│[m                                                                              [90m│[m
[90m│[m name     [37m[m[37mtest.crm[m [37m[m[90m.oo[m                                                        [90m│[m
[90m│[m address  [37m[m[37m127.0.1.1[m [37m       [m  [90mcrm.oo's address; next free: 127.0.1.2[m           [90m│[m
[90m│[m port     [37m[m3001[7;37m [m    [90mhttp://test.crm.oo then reaches 127.0.1.1:3001[m             [90m│[m
[90m│[m                                                                              [90m│[m
[90m│[m                                                                              [90m│[m
[90m│[m                                                                              [90m│[m
[90m│[m                                                                              [90m│[m
[90m│[m[90m enter save  tab next field  esc cancel[m                                       [90m│[m
[90m╰──────────────────────────────────────────────────────────────────────────────╯[m
                                                                                
                                                                                
                                                                                
                                                                                
                                                                                